../../Middlewares/ST/touchgfx/framework/include/touchgfx/Screen.hpp:104:18:virtual void touchgfx::Screen::afterTransition()	0	static
../../Middlewares/ST/touchgfx/framework/include/touchgfx/Screen.hpp:144:18:virtual void touchgfx::Screen::handleTickEvent()	0	static
../../Middlewares/ST/touchgfx/framework/include/touchgfx/Screen.hpp:154:18:virtual void touchgfx::Screen::handleKeyEvent(uint8_t)	0	static
../../TouchGFX/gui/include/gui/highscore_screen/highscoreView.hpp:11:13:highscoreView::~highscoreView()	0	static
D:/Download/kstn/embedded_system/th3/touchfx/MyApplication/TouchGFX/gui/src/highscore_screen/highscoreView.cpp:13:6:virtual void highscoreView::tearDownScreen()	0	static
D:/Download/kstn/embedded_system/th3/touchfx/MyApplication/TouchGFX/gui/src/highscore_screen/highscoreView.cpp:8:6:virtual void highscoreView::setupScreen()	0	static
../../TouchGFX/gui/include/gui/highscore_screen/highscoreView.hpp:11:13:virtual highscoreView::~highscoreView()	8	static
D:/Download/kstn/embedded_system/th3/touchfx/MyApplication/TouchGFX/gui/src/highscore_screen/highscoreView.cpp:3:1:highscoreView::highscoreView()	8	static
