D:/Download/kstn/embedded_system/th3/touchfx/MyApplication/TouchGFX/generated/texts/src/TypedTextDatabase.cpp:54:43:const touchgfx::TypedText::TypedTextData* TypedTextDatabase::getInstance(touchgfx::LanguageId)	0	static
D:/Download/kstn/embedded_system/th3/touchfx/MyApplication/TouchGFX/generated/texts/src/TypedTextDatabase.cpp:59:10:uint16_t TypedTextDatabase::getInstanceSize()	0	static
D:/Download/kstn/embedded_system/th3/touchfx/MyApplication/TouchGFX/generated/texts/src/TypedTextDatabase.cpp:64:24:const touchgfx::Font** TypedTextDatabase::getFonts()	0	static
D:/Download/kstn/embedded_system/th3/touchfx/MyApplication/TouchGFX/generated/texts/src/TypedTextDatabase.cpp:69:23:const touchgfx::Font* TypedTextDatabase::setFont(touchgfx::FontId, const touchgfx::Font*)	0	static
D:/Download/kstn/embedded_system/th3/touchfx/MyApplication/TouchGFX/generated/texts/src/TypedTextDatabase.cpp:76:6:void TypedTextDatabase::resetFont(touchgfx::FontId)	8	static
D:/Download/kstn/embedded_system/th3/touchfx/MyApplication/TouchGFX/generated/texts/src/TypedTextDatabase.cpp:106:1:cpp)	8	static
